 gcc -g p4original.c
 ./a.out
Enter the value
3
Enter the value
7
Enter the value
5
7 is the largest of 3 and 5
 gdb a.out
GNU gdb (Ubuntu 8.1.1-0ubuntu1) 8.1.1
Copyright (C) 2018 Free Software Foundation, Inc.
License GPLv3+: GNU GPL version 3 or later <http://gnu.org/licenses/gpl.html>
This is free software: you are free to change and redistribute it.
There is NO WARRANTY, to the extent permitted by law.  Type "show copying"
and "show warranty" for details.
This GDB was configured as "x86_64-linux-gnu".
Type "show configuration" for configuration details.
For bug reporting instructions, please see:
<http://www.gnu.org/software/gdb/bugs/>.
Find the GDB manual and other documentation resources online at:
<http://www.gnu.org/software/gdb/documentation/>.
For help, type "help".
Type "apropos word" to search for commands related to "word"...
Reading symbols from a.out...done.
(gdb) b main
Breakpoint 1 at 0x88b: file p4original.c, line 47.
(gdb) r
Starting program: /home/runner/pps-test1-Geethanjali2608-9/a.out 
warning: Error disabling address space randomization: Operation not permitted

Breakpoint 1, main () at p4original.c:47
47    x=input();
(gdb) n
Enter the value
2
48    y=input();
(gdb) n
Enter the value
4
49    z=input();
(gdb) n
Enter the value
12
50    j=cmp(x,y,z);
(gdb) s
cmp (a=2, b=4, c=12) at p4original.c:12
12    if(a>b && a>c)
(gdb) n
17    else if(b>c)
(gdb) n
24      largest=c;
(gdb) n
25      return c;
(gdb) p largest
$1 = 12
(gdb) n
28  }
(gdb) n
main () at p4original.c:51
51    output(x,y,z,j);
(gdb) s
output (a=2, b=4, c=12, largest=12) at p4original.c:31
31    if(largest ==a)
(gdb) n
35    else if(largest==b)
(gdb) n
41      printf("%d is largest of %d and %d\n",c,a,b);
(gdb) p c
$2 = 12
(gdb) p a
$3 = 2
(gdb) p b
$4 = 4
(gdb) n
12 is largest of 2 and 4
43  }
(gdb) n
main () at p4original.c:52
52    return 0;
(gdb) n
53  }(gdb)